[black_app]
com.asus.backuprestore
com.asus.browser
com.asus.calendar
com.asus.contacts.theme.dark
com.asus.livewallpaper.dayscene
com.asus.livewallpaper.asusdayscene
com.asus.email
com.asus.livewallpaper.asusmywater2
com.asus.livewallpaper.asusmywater
com.asus.message
com.asus.music
com.asus.wifip2p.networkgrouping
com.asus.linkrim
com.asus.quickmemo
com.asus.rcamera
com.asus.provider.socialnetwork
com.asus.server.snm
com.asus.supernote
com.asus.dm
com.asus.webview
com.asus.sitd.whatsnext
com.asus.task
com.asus.flashlight
com.asus.ia.asusapp
com.asus.remotelink.full
com.asus.sharerim
com.asus.zencircle
com.eostek.asuszenflash
com.futuredial.asusdatatransfer
com.asus.selfiemaster
com.asus.camera
com.caf.fmradio
com.bluebeam
com.asus.gamewidget
com.asus.laserruler
com.asus.mobilemanager
com.asus.soundrecorder
com.asus.splendid
com.asus.themeapp
com.ecareme.asuswebstorage
com.asuslotsfun.demoapp
org.codeaurora.gallery
org.codeaurora.snapcam
com.asus.logtool
com.example.connmgr
com.qti.csm
com.qualcomm.qti.biometrics.voiceprint.voiceprintdemo
com.qualcomm.qti.improvetouch
com.qualcomm.qti.logkit
com.qualcomm.qti.presenceapp
com.qualcomm.qti.seccamsample
com.qualcomm.qti.sensors.qsensortest
com.asus.ime
com.asus.amd.fwupgradetool
com.eostek.asuszenflash3
com.policydm
com.rsupport.rs.activity.rsupport.aas2
com.scic3.ciw.wrkm
com.scic3.ciw.wrkm.sppop
com.sds.samsung.global
com.sec.android.app.kidshome
com.sec.android.app.music
com.sec.android.app.myfiles
com.sec.android.app.popupcalculator
com.sec.android.app.sbrowser.beta
com.sec.android.app.shealth
com.sec.android.app.voicenote
com.sec.android.easyMover
com.sec.android.gallery3d
com.sec.android.inputmethod
com.sec.android.sidesync30
com.sec.dsg.printer
com.sec.game.sgamepad
com.sec.general.expr
com.sec.musicstudio
com.sec.pcw
com.sec.penup
com.sec.print.mobileprint.facebook
com.sec.samsungsoundphone
com.sec.spp.push
com.bitaxon.app.ew001.wizard.freebuds
com.hicloud.android.clone
com.HU.LOFI
com.olis.oppo
com.mi.global.shop
com.mi.global.bbs
com.mi.launcher
com.mi.launcher.pro
com.mi.android.globalFileexplorer
com.mi.android.globalpersonalassistant
com.miui.calculator
com.duokan.phone.remotecontroller.peel.plugin
com.mi.vtalk
com.sec.android.app.safetyassurance
com.mfashiongallery.emag
com.miui.player
com.google.android.instantapps.supervisor
tw.com.cht.easyhami
com.huanshi.awe.another
com.creativetrends.simple.app.pro
com.firstbank.firstecard
com.jkos.app
jp.naver.line.android
com.bandainamcoent.dblegends_ww
com.garena.game.kgtw
com.garena.game.kgvn
com.moji.tencent.weather
com.android.chrome

[black_appdata]
jp.naver.line.android
com.asus.ecompany
com.asusit.ap5.asusitmobileportal
asus.mis.ap5.itrsplus
com.asusit.ap5.asuswhoscaller
com.asus.ireport
com.taobao.taobao
com.schwab.mobile
com.sohu.inputmethod.sogou
com.sogou.zhuyininput
com.fubon.mbank
com.antutu.benchmark.full
com.microsoft.translator
com.glbenchmark.glbenchmark27
ch.ireport.app

[black_app_rule]
com.samsung*
com.oppo*
com.huawei*
com.xiaomi*
com.sec*

[black_app_data_device]
ASUS_X00QD

[app_data_white_list]
com.tencent.mm
com.whatsapp
com.tencent.mobileqq
com.komoe.zzgp
com.onepunchman.ggplay.tw
com.nxth.wodn
com.shopee.id
com.YoStarEN.Arknights
com.netease.g104na.gb
com.YoStarJP.Arknights
com.wildspike.wormszone
com.gamebeans.gog
com.shopee.th
com.application.zomato
com.gamania.lineagem
com.joshua.jptt
jp.co.cygames.princessconnectredive
com.notabasement.mangarock.android.lotus
com.netease.mrzhna
com.netmarble.revolutionthm
tv.danmaku.bili
com.shopee.ph
com.baoz.gptw
com.igg.android.lordsmobile
jp.gungho.pad
com.lilithgame.hgame.gp
com.shopee.vn
mbinc12.mb32
com.YoStarEN.AzurLane
com.bilibili.app.in
devian.tubemate.v3
com.netease.mrzhtw
com.xiaomeng.fategrandorder
tw.com.iwplay.pwm
com.ubercab.driver
com.studiowildcard.wardrumstudios.ark
com.hsv.freeadblockerbrowser
com.vespainteractive.KingsRaid
com.eskyfun.sgsmjzgp
tw.txwy.and.snqx
com.percent.royaldice
com.yy.hiyo
com.nexon.da3.global
com.atronfun.raziel
com.iwantavnow.android
com.vng.autochess
com.madfingergames.legends
com.more.dayzsurvival.gp
com.bbgame.tera.gp
com.lilithgames.hgame.cn
com.faloo.BookReader4Android
com.ss.android.article.lite
com.bilibili.fatego
com.kurogame.haru.hero
com.peakx.stickfight.and
com.xmcy.hykb
com.netease.moba
com.flyersoft.seekbooks
com.kuangxiangciweimao.novel
com.huluxia.gametools
com.netease.stzb.netease
com.qingqi.dianbo
com.hupu.games
com.bilibili.comic
com.wodi.who
com.jm.video
com.max.xiaoheihe
com.lemon.lv
com.netease.mrzh.vivo
com.bf.sgs.hdexp
com.ztgame.bob
gov.pianzong.androidnga
com.gedoor.monkeybook
com.kuaikan.comic
com.tencent.tmgp.hjol
com.sofunny.Sausage
com.netease.my
com.yingxiong.gw.Android.hero
